ARM Linker, RVCT4.0 [Build 524] for uVision [Evaluation]

==============================================================================

Section Cross References

    memoryadd.o(pgm) refers to memoryadd.o(dat) for source
    memoryadd.o(pgm) refers to memoryadd.o(dat1) for dest


==============================================================================

Image Symbol Table

    Local Symbols

    Symbol Name                              Value     Ov Type        Size  Object(Section)

    pgm                                      0x00000000   Section       28  memoryadd.o(pgm)
    memoryadd.s                              0x00000000   Number         0  memoryadd.o ABSOLUTE
    dat                                      0x0000001c   Section        4  memoryadd.o(dat)
    source                                   0x0000001c   Data           4  memoryadd.o(dat)
    dat1                                     0x40000000   Section        4  memoryadd.o(dat1)
    dest                                     0x40000000   Data           4  memoryadd.o(dat1)

    Global Symbols

    Symbol Name                              Value     Ov Type        Size  Object(Section)

    BuildAttributes$$THM_ISAv1$ARM_ISAv4$S$PE$A:L22$X:L11$S22$IEEE1$IW$USESV6$~STKCKD$USESV7$~SHL$OSPACE$EBA8$STANDARDLIB$PRES8$EABIv2 0x00000000   Number         0  anon$$obj.o ABSOLUTE



==============================================================================

Memory Map of the image

  Image Entry point : 0x00000000

  Load Region LR_1 (Base: 0x00000000, Size: 0x00000024, Max: 0xffffffff, ABSOLUTE)

    Execution Region ER_RO (Base: 0x00000000, Size: 0x00000020, Max: 0xffffffff, ABSOLUTE)

    Base Addr    Size         Type   Attr      Idx    E Section Name        Object

    0x00000000   0x0000001c   Code   RO            3  * pgm                 memoryadd.o
    0x0000001c   0x00000004   Data   RO            1    dat                 memoryadd.o


    Execution Region ER_RW (Base: 0x40000000, Size: 0x00000004, Max: 0xffffffff, ABSOLUTE)

    Base Addr    Size         Type   Attr      Idx    E Section Name        Object

    0x40000000   0x00000004   Data   RW            2    dat1                memoryadd.o


    Execution Region ER_ZI (Base: 0x40000004, Size: 0x00000000, Max: 0xffffffff, ABSOLUTE)

    **** No section assigned to this execution region ****


==============================================================================

Image component sizes


      Code (inc. data)   RO Data    RW Data    ZI Data      Debug   Object Name

        28          8          4          4          0        204   memoryadd.o

    ----------------------------------------------------------------------
        28          8          4          4          0        204   Object Totals
         0          0          0          0          0          0   (incl. Generated)
         0          0          0          0          0          0   (incl. Padding)

    ----------------------------------------------------------------------
         0          0          0          0          0          0   Library Totals
         0          0          0          0          0          0   (incl. Padding)

    ----------------------------------------------------------------------

==============================================================================


      Code (inc. data)   RO Data    RW Data    ZI Data      Debug   

        28          8          4          4          0        204   Grand Totals
        28          8          4          4          0        204   ELF Image Totals
        28          8          4          4          0          0   ROM Totals

==============================================================================

    Total RO  Size (Code + RO Data)                   32 (   0.03kB)
    Total RW  Size (RW Data + ZI Data)                 4 (   0.00kB)
    Total ROM Size (Code + RO Data + RW Data)         36 (   0.04kB)

==============================================================================

