ARM Linker, RVCT4.0 [Build 524] for uVision [Evaluation]

==============================================================================

Section Cross References

    bl.en.u4cse18096.o(pgm) refers to bl.en.u4cse18096.o(dat) for src1
    bl.en.u4cse18096.o(pgm) refers to bl.en.u4cse18096.o(dat1) for result


==============================================================================

Image Symbol Table

    Local Symbols

    Symbol Name                              Value     Ov Type        Size  Object(Section)

    pgm                                      0x00000000   Section       72  bl.en.u4cse18096.o(pgm)
    BL.EN.U4CSE18096.S                       0x00000000   Number         0  bl.en.u4cse18096.o ABSOLUTE
    dat                                      0x00000048   Section       11  bl.en.u4cse18096.o(dat)
    src1                                     0x00000048   Data           5  bl.en.u4cse18096.o(dat)
    src2                                     0x0000004d   Data           5  bl.en.u4cse18096.o(dat)
    n                                        0x00000052   Data           1  bl.en.u4cse18096.o(dat)
    dat1                                     0x40000000   Section        5  bl.en.u4cse18096.o(dat1)
    result                                   0x40000000   Data           5  bl.en.u4cse18096.o(dat1)

    Global Symbols

    Symbol Name                              Value     Ov Type        Size  Object(Section)

    BuildAttributes$$THM_ISAv1$ARM_ISAv4$S$PE$A:L22$X:L11$S22$IEEE1$IW$USESV6$~STKCKD$USESV7$~SHL$OSPACE$EBA8$STANDARDLIB$PRES8$EABIv2 0x00000000   Number         0  anon$$obj.o ABSOLUTE



==============================================================================

Memory Map of the image

  Image Entry point : 0x00000000

  Load Region LR_1 (Base: 0x00000000, Size: 0x0000005c, Max: 0xffffffff, ABSOLUTE)

    Execution Region ER_RO (Base: 0x00000000, Size: 0x00000054, Max: 0xffffffff, ABSOLUTE)

    Base Addr    Size         Type   Attr      Idx    E Section Name        Object

    0x00000000   0x00000048   Code   RO            3  * pgm                 bl.en.u4cse18096.o
    0x00000048   0x0000000b   Data   RO            1    dat                 bl.en.u4cse18096.o


    Execution Region ER_RW (Base: 0x40000000, Size: 0x00000008, Max: 0xffffffff, ABSOLUTE)

    Base Addr    Size         Type   Attr      Idx    E Section Name        Object

    0x40000000   0x00000005   Data   RW            2    dat1                bl.en.u4cse18096.o


    Execution Region ER_ZI (Base: 0x40000008, Size: 0x00000000, Max: 0xffffffff, ABSOLUTE)

    **** No section assigned to this execution region ****


==============================================================================

Image component sizes


      Code (inc. data)   RO Data    RW Data    ZI Data      Debug   Object Name

        72         16         11          5          0        236   bl.en.u4cse18096.o

    ----------------------------------------------------------------------
        72         16         12          8          0        236   Object Totals
         0          0          0          0          0          0   (incl. Generated)
         0          0          1          3          0          0   (incl. Padding)

    ----------------------------------------------------------------------
         0          0          0          0          0          0   Library Totals
         0          0          0          0          0          0   (incl. Padding)

    ----------------------------------------------------------------------

==============================================================================


      Code (inc. data)   RO Data    RW Data    ZI Data      Debug   

        72         16         12          8          0        236   Grand Totals
        72         16         12          8          0        236   ELF Image Totals
        72         16         12          8          0          0   ROM Totals

==============================================================================

    Total RO  Size (Code + RO Data)                   84 (   0.08kB)
    Total RW  Size (RW Data + ZI Data)                 8 (   0.01kB)
    Total ROM Size (Code + RO Data + RW Data)         92 (   0.09kB)

==============================================================================

