<!doctype html public "-//w3c//dtd html 4.0 transitional//en">
<html><head>
<title>Static Call Graph - [G:\amrita_blr\Programming\ARM lab\Lab Assessment\pgm 5\str_replace.axf]</title></head>
<body><HR>
<H1>Static Call Graph for image G:\amrita_blr\Programming\ARM lab\Lab Assessment\pgm 5\str_replace.axf</H1><HR>
<BR><P>#&#060CALLGRAPH&#062# ARM Linker, RVCT4.0 [Build 524]: Last Updated: Fri Jun 12 12:22:07 2020
<BR><P>
<H3>Maximum Stack Usage =          0 bytes</H3><H3>
Call chain for Maximum Stack Depth:</H3>

<P>
<H3>
Global Symbols
</H3><P>
<H3>
Local Symbols
</H3><P>
<H3>
Undefined Global Symbols
</H3><HR></body></html>
