


ARM Macro Assembler    Page 1 


    1 00000000                 AREA             dat, DATA, READONLY
    2 00000000 000000AB 
              00000023 
              00000087 
              00000034 data    dcd              0xAB,0X23,0X87,0X34
    3 00000010 00000004 
                       len     dcd              4
    4 00000014         
    5 00000014         
    6 00000014                 AREA             pgm,CODE, READONLY
    7 00000000 E59F0030        ldr              r0, =data
    8 00000004 E59F1030        ldr              r1, =len
    9 00000008 E3A05000        mov              r5,#0
   10 0000000C E5912000        ldr              r2, [r1]
   11 00000010 E5903000 
                       loop    ldr              r3, [r0]
   12 00000014 E2033D7D        and              r3,#8000
   13 00000018 E3530000        cmp              r3,#0
   14 0000001C EB000003        bl               neg
   15 00000020 E2800002        add              r0,r0,#2
   16 00000024 E2422001        sub              r2,r2,#1
   17 00000028 E3520000        cmp              r2,#0
   18 0000002C 1AFFFFF7        bne              loop
   19 00000030 E2855000 
                       neg     add              r5,r5,#0
   20 00000034 EAFFFFFE 
                       e       b                e
   21 00000038                 end
              00000000 
              00000000 
Command Line: --debug --xref --device=DARMP --apcs=interwork -onegcount.o -IC:\
Keil\ARM\INC\Philips --predefine="__EVAL SETA 1" --list=negcount.lst negcount.s



ARM Macro Assembler    Page 1 Alphabetic symbol ordering
Relocatable symbols

dat 00000000

Symbol: dat
   Definitions
      At line 1 in file negcount.s
   Uses
      None
Comment: dat unused
data 00000000

Symbol: data
   Definitions
      At line 2 in file negcount.s
   Uses
      At line 7 in file negcount.s
Comment: data used once
len 00000010

Symbol: len
   Definitions
      At line 3 in file negcount.s
   Uses
      At line 8 in file negcount.s
Comment: len used once
3 symbols



ARM Macro Assembler    Page 1 Alphabetic symbol ordering
Relocatable symbols

e 00000034

Symbol: e
   Definitions
      At line 20 in file negcount.s
   Uses
      At line 20 in file negcount.s
Comment: e used once
loop 00000010

Symbol: loop
   Definitions
      At line 11 in file negcount.s
   Uses
      At line 18 in file negcount.s
Comment: loop used once
neg 00000030

Symbol: neg
   Definitions
      At line 19 in file negcount.s
   Uses
      At line 14 in file negcount.s
Comment: neg used once
pgm 00000000

Symbol: pgm
   Definitions
      At line 6 in file negcount.s
   Uses
      None
Comment: pgm unused
4 symbols
329 symbols in table
