<html>
<body>
<pre>
<h1>µVision Build Log</h1>
<h2>Project:</h2>
G:\amrita_blr\Programming\ARM lab\neg_count\negcount.uvproj
Project File Date:  06/08/2020

<h2>Output:</h2>
Build target 'Target 1'
assembling negcount.s...
linking...
Program Size: Code=44 RO-data=20 RW-data=0 ZI-data=0  
"negcount.axf" - 0 Error(s), 0 Warning(s).
Build target 'Target 1'
assembling negcount.s...
negcount.s(13): error: A1163E: Unknown opcode be , expecting opcode or Macro
Target not created
Build target 'Target 1'
assembling negcount.s...
negcount.s(20): error: A1108E: Multiply defined symbol 'e'
Target not created
Build target 'Target 1'
assembling negcount.s...
negcount.s(13): error: A1516E: Bad symbol 'neg', not defined or external
Target not created
Build target 'Target 1'
assembling negcount.s...
linking...
Program Size: Code=60 RO-data=12 RW-data=0 ZI-data=0  
"negcount.axf" - 0 Error(s), 0 Warning(s).
Build target 'Target 1'
assembling negcount.s...
linking...
Program Size: Code=60 RO-data=20 RW-data=0 ZI-data=0  
"negcount.axf" - 0 Error(s), 0 Warning(s).
Build target 'Target 1'
assembling negcount.s...
negcount.s(12): error: A1137E: Unexpected characters at end of line
Target not created
Build target 'Target 1'
assembling negcount.s...
linking...
Program Size: Code=64 RO-data=12 RW-data=0 ZI-data=0  
"negcount.axf" - 0 Error(s), 0 Warning(s).
Build target 'Target 1'
assembling negcount.s...
linking...
Program Size: Code=64 RO-data=20 RW-data=0 ZI-data=0  
"negcount.axf" - 0 Error(s), 0 Warning(s).
