ARM Linker, RVCT4.0 [Build 524] for uVision [Evaluation]

==============================================================================

Section Cross References

    bl.en.u4cse18096.o(pgm) refers to bl.en.u4cse18096.o(dat1) for string1


==============================================================================

Image Symbol Table

    Local Symbols

    Symbol Name                              Value     Ov Type        Size  Object(Section)

    pgm                                      0x00000000   Section      172  bl.en.u4cse18096.o(pgm)
    BL.EN.U4CSE18096.s                       0x00000000   Number         0  bl.en.u4cse18096.o ABSOLUTE
    dat1                                     0x000000ac   Section       13  bl.en.u4cse18096.o(dat1)
    string1                                  0x000000ac   Data           6  bl.en.u4cse18096.o(dat1)
    string2                                  0x000000b2   Data           7  bl.en.u4cse18096.o(dat1)

    Global Symbols

    Symbol Name                              Value     Ov Type        Size  Object(Section)

    BuildAttributes$$THM_ISAv1$ARM_ISAv4$S$PE$A:L22$X:L11$S22$IEEE1$IW$USESV6$~STKCKD$USESV7$~SHL$OSPACE$EBA8$STANDARDLIB$PRES8$EABIv2 0x00000000   Number         0  anon$$obj.o ABSOLUTE



==============================================================================

Memory Map of the image

  Image Entry point : 0x00000000

  Load Region LR_1 (Base: 0x00000000, Size: 0x000000bc, Max: 0xffffffff, ABSOLUTE)

    Execution Region ER_RO (Base: 0x00000000, Size: 0x000000bc, Max: 0xffffffff, ABSOLUTE)

    Base Addr    Size         Type   Attr      Idx    E Section Name        Object

    0x00000000   0x000000ac   Code   RO            2  * pgm                 bl.en.u4cse18096.o
    0x000000ac   0x0000000d   Data   RO            1    dat1                bl.en.u4cse18096.o


    Execution Region ER_RW (Base: 0x40000000, Size: 0x00000000, Max: 0xffffffff, ABSOLUTE)

    **** No section assigned to this execution region ****


    Execution Region ER_ZI (Base: 0x40000000, Size: 0x00000000, Max: 0xffffffff, ABSOLUTE)

    **** No section assigned to this execution region ****


==============================================================================

Image component sizes


      Code (inc. data)   RO Data    RW Data    ZI Data      Debug   Object Name

       172          8         13          0          0        260   bl.en.u4cse18096.o

    ----------------------------------------------------------------------
       172          8         16          0          0        260   Object Totals
         0          0          0          0          0          0   (incl. Generated)
         0          0          3          0          0          0   (incl. Padding)

    ----------------------------------------------------------------------
         0          0          0          0          0          0   Library Totals
         0          0          0          0          0          0   (incl. Padding)

    ----------------------------------------------------------------------

==============================================================================


      Code (inc. data)   RO Data    RW Data    ZI Data      Debug   

       172          8         16          0          0        260   Grand Totals
       172          8         16          0          0        260   ELF Image Totals
       172          8         16          0          0          0   ROM Totals

==============================================================================

    Total RO  Size (Code + RO Data)                  188 (   0.18kB)
    Total RW  Size (RW Data + ZI Data)                 0 (   0.00kB)
    Total ROM Size (Code + RO Data + RW Data)        188 (   0.18kB)

==============================================================================

