<html>
<body>
<pre>
<h1>µVision Build Log</h1>
<h2>Project:</h2>
G:\amrita_blr\Programming\ARM lab\2's comp\2's comp.uvproj
Project File Date:  06/08/2020

<h2>Output:</h2>
Build target 'Target 1'
Target has no object modules
Target not created
Build target 'Target 1'
assembling 2's comp.s...
linking...
Program Size: Code=8 RO-data=0 RW-data=0 ZI-data=0  
"2's comp.axf" - 0 Error(s), 0 Warning(s).
Build target 'Target 1'
assembling 2's comp.s...
linking...
Program Size: Code=12 RO-data=0 RW-data=0 ZI-data=0  
"2's comp.axf" - 0 Error(s), 0 Warning(s).
Build target 'Target 1'
assembling 2's comp.s...
linking...
Program Size: Code=12 RO-data=0 RW-data=0 ZI-data=0  
"2's comp.axf" - 0 Error(s), 0 Warning(s).
Build target 'Target 1'
assembling 2's comp.s...
linking...
Program Size: Code=12 RO-data=0 RW-data=0 ZI-data=0  
"2's comp.axf" - 0 Error(s), 0 Warning(s).
