<html>
<body>
<pre>
<h1>µVision Build Log</h1>
<h2>Project:</h2>
G:\amrita_blr\Programming\ARM lab\Lab Assessment\pgm 3\1's_count.uvproj
Project File Date:  06/12/2020

<h2>Output:</h2>
Build target 'Target 1'
assembling BL.EN.U4CSE18096.s...
linking...
Program Size: Code=68 RO-data=4 RW-data=0 ZI-data=0  
"1's_count.axf" - 0 Error(s), 0 Warning(s).
Build target 'Target 1'
assembling BL.EN.U4CSE18096.s...
linking...
Program Size: Code=76 RO-data=4 RW-data=0 ZI-data=0  
"1's_count.axf" - 0 Error(s), 0 Warning(s).
