ARM Linker, RVCT4.0 [Build 524] for uVision [Evaluation]

==============================================================================

Section Cross References

    strlen.o(pgm) refers to strlen.o(dat) for high
    strlen.o(pgm) refers to strlen.o(dat1) for count


==============================================================================

Image Symbol Table

    Local Symbols

    Symbol Name                              Value     Ov Type        Size  Object(Section)

    pgm                                      0x00000000   Section       44  strlen.o(pgm)
    strlen.s                                 0x00000000   Number         0  strlen.o ABSOLUTE
    dat                                      0x0000002c   Section       26  strlen.o(dat)
    high                                     0x0000002c   Data          26  strlen.o(dat)
    dat1                                     0x40000000   Section        1  strlen.o(dat1)
    count                                    0x40000000   Data           1  strlen.o(dat1)

    Global Symbols

    Symbol Name                              Value     Ov Type        Size  Object(Section)

    BuildAttributes$$THM_ISAv1$ARM_ISAv4$S$PE$A:L22$X:L11$S22$IEEE1$IW$USESV6$~STKCKD$USESV7$~SHL$OSPACE$EBA8$STANDARDLIB$PRES8$EABIv2 0x00000000   Number         0  anon$$obj.o ABSOLUTE



==============================================================================

Memory Map of the image

  Image Entry point : 0x00000000

  Load Region LR_1 (Base: 0x00000000, Size: 0x0000004c, Max: 0xffffffff, ABSOLUTE)

    Execution Region ER_RO (Base: 0x00000000, Size: 0x00000048, Max: 0xffffffff, ABSOLUTE)

    Base Addr    Size         Type   Attr      Idx    E Section Name        Object

    0x00000000   0x0000002c   Code   RO            3  * pgm                 strlen.o
    0x0000002c   0x0000001a   Data   RO            1    dat                 strlen.o


    Execution Region ER_RW (Base: 0x40000000, Size: 0x00000004, Max: 0xffffffff, ABSOLUTE)

    Base Addr    Size         Type   Attr      Idx    E Section Name        Object

    0x40000000   0x00000001   Data   RW            2    dat1                strlen.o


    Execution Region ER_ZI (Base: 0x40000004, Size: 0x00000000, Max: 0xffffffff, ABSOLUTE)

    **** No section assigned to this execution region ****


==============================================================================

Image component sizes


      Code (inc. data)   RO Data    RW Data    ZI Data      Debug   Object Name

        44          8         26          1          0        204   strlen.o

    ----------------------------------------------------------------------
        44          8         28          4          0        204   Object Totals
         0          0          0          0          0          0   (incl. Generated)
         0          0          2          3          0          0   (incl. Padding)

    ----------------------------------------------------------------------
         0          0          0          0          0          0   Library Totals
         0          0          0          0          0          0   (incl. Padding)

    ----------------------------------------------------------------------

==============================================================================


      Code (inc. data)   RO Data    RW Data    ZI Data      Debug   

        44          8         28          4          0        204   Grand Totals
        44          8         28          4          0        204   ELF Image Totals
        44          8         28          4          0          0   ROM Totals

==============================================================================

    Total RO  Size (Code + RO Data)                   72 (   0.07kB)
    Total RW  Size (RW Data + ZI Data)                 4 (   0.00kB)
    Total ROM Size (Code + RO Data + RW Data)         76 (   0.07kB)

==============================================================================

