<html>
<body>
<pre>
<h1>µVision Build Log</h1>
<h2>Project:</h2>
G:\amrita_blr\Programming\ARM lab\string_length\strlen.uvproj
Project File Date:  06/09/2020

<h2>Output:</h2>
Build target 'Target 1'
assembling strlen.s...
linking...
Program Size: Code=32 RO-data=16 RW-data=4 ZI-data=0  
"strlen.axf" - 0 Error(s), 0 Warning(s).
Build target 'Target 1'
assembling strlen.s...
strlen.s(13): error: A1150E: Bad symbol, not defined or external
strlen.s(15): error: A1147E: Bad shift name
Target not created
Build target 'Target 1'
assembling strlen.s...
linking...
Program Size: Code=44 RO-data=16 RW-data=4 ZI-data=0  
"strlen.axf" - 0 Error(s), 0 Warning(s).
Build target 'Target 1'
assembling strlen.s...
linking...
Program Size: Code=32 RO-data=16 RW-data=4 ZI-data=0  
"strlen.axf" - 0 Error(s), 0 Warning(s).
Build target 'Target 1'
assembling strlen.s...
linking...
Program Size: Code=44 RO-data=16 RW-data=4 ZI-data=0  
"strlen.axf" - 0 Error(s), 0 Warning(s).
Build target 'Target 1'
assembling strlen.s...
linking...
Program Size: Code=40 RO-data=16 RW-data=4 ZI-data=0  
"strlen.axf" - 0 Error(s), 0 Warning(s).
Build target 'Target 1'
assembling strlen.s...
linking...
Program Size: Code=44 RO-data=16 RW-data=4 ZI-data=0  
"strlen.axf" - 0 Error(s), 0 Warning(s).
Build target 'Target 1'
assembling strlen.s...
linking...
Program Size: Code=44 RO-data=28 RW-data=4 ZI-data=0  
"strlen.axf" - 0 Error(s), 0 Warning(s).
Build target 'Target 1'
linking...
Program Size: Code=44 RO-data=28 RW-data=4 ZI-data=0  
"strlen.axf" - 0 Error(s), 0 Warning(s).
Build target 'Target 1'
assembling strlen.s...
linking...
Program Size: Code=44 RO-data=16 RW-data=4 ZI-data=0  
"strlen.axf" - 0 Error(s), 0 Warning(s).
Build target 'Target 1'
assembling strlen.s...
linking...
Program Size: Code=44 RO-data=20 RW-data=4 ZI-data=0  
"strlen.axf" - 0 Error(s), 0 Warning(s).
Build target 'Target 1'
assembling strlen.s...
linking...
Program Size: Code=44 RO-data=28 RW-data=4 ZI-data=0  
"strlen.axf" - 0 Error(s), 0 Warning(s).
Build target 'Target 1'
assembling strlen.s...
linking...
Program Size: Code=44 RO-data=28 RW-data=4 ZI-data=0  
"strlen.axf" - 0 Error(s), 0 Warning(s).
Build target 'Target 1'
assembling strlen.s...
linking...
Program Size: Code=44 RO-data=16 RW-data=4 ZI-data=0  
"strlen.axf" - 0 Error(s), 0 Warning(s).
Build target 'Target 1'
assembling strlen.s...
linking...
Program Size: Code=44 RO-data=8 RW-data=4 ZI-data=0  
"strlen.axf" - 0 Error(s), 0 Warning(s).
Build target 'Target 1'
assembling strlen.s...
linking...
Program Size: Code=44 RO-data=4 RW-data=4 ZI-data=0  
"strlen.axf" - 0 Error(s), 0 Warning(s).
Build target 'Target 1'
assembling strlen.s...
linking...
Program Size: Code=44 RO-data=28 RW-data=4 ZI-data=0  
"strlen.axf" - 0 Error(s), 0 Warning(s).
Build target 'Target 1'
assembling strlen.s...
linking...
Program Size: Code=44 RO-data=28 RW-data=4 ZI-data=0  
"strlen.axf" - 0 Error(s), 0 Warning(s).
