ARM Linker, RVCT4.0 [Build 524] for uVision [Evaluation]

==============================================================================

Section Cross References

    charsearch.o(pgm) refers to charsearch.o(dat) for string
    charsearch.o(pgm) refers to charsearch.o(dat1) for Found


==============================================================================

Image Symbol Table

    Local Symbols

    Symbol Name                              Value     Ov Type        Size  Object(Section)

    pgm                                      0x00000000   Section       48  charsearch.o(pgm)
    charsearch.s                             0x00000000   Number         0  charsearch.o ABSOLUTE
    dat                                      0x00000030   Section       19  charsearch.o(dat)
    string                                   0x00000030   Data          19  charsearch.o(dat)
    dat1                                     0x40000000   Section        1  charsearch.o(dat1)
    Found                                    0x40000000   Data           1  charsearch.o(dat1)

    Global Symbols

    Symbol Name                              Value     Ov Type        Size  Object(Section)

    BuildAttributes$$THM_ISAv1$ARM_ISAv4$S$PE$A:L22$X:L11$S22$IEEE1$IW$USESV6$~STKCKD$USESV7$~SHL$OSPACE$EBA8$STANDARDLIB$PRES8$EABIv2 0x00000000   Number         0  anon$$obj.o ABSOLUTE



==============================================================================

Memory Map of the image

  Image Entry point : 0x00000000

  Load Region LR_1 (Base: 0x00000000, Size: 0x00000048, Max: 0xffffffff, ABSOLUTE)

    Execution Region ER_RO (Base: 0x00000000, Size: 0x00000044, Max: 0xffffffff, ABSOLUTE)

    Base Addr    Size         Type   Attr      Idx    E Section Name        Object

    0x00000000   0x00000030   Code   RO            3  * pgm                 charsearch.o
    0x00000030   0x00000013   Data   RO            1    dat                 charsearch.o


    Execution Region ER_RW (Base: 0x40000000, Size: 0x00000004, Max: 0xffffffff, ABSOLUTE)

    Base Addr    Size         Type   Attr      Idx    E Section Name        Object

    0x40000000   0x00000001   Data   RW            2    dat1                charsearch.o


    Execution Region ER_ZI (Base: 0x40000004, Size: 0x00000000, Max: 0xffffffff, ABSOLUTE)

    **** No section assigned to this execution region ****


==============================================================================

Image component sizes


      Code (inc. data)   RO Data    RW Data    ZI Data      Debug   Object Name

        48          8         19          1          0        216   charsearch.o

    ----------------------------------------------------------------------
        48          8         20          4          0        216   Object Totals
         0          0          0          0          0          0   (incl. Generated)
         0          0          1          3          0          0   (incl. Padding)

    ----------------------------------------------------------------------
         0          0          0          0          0          0   Library Totals
         0          0          0          0          0          0   (incl. Padding)

    ----------------------------------------------------------------------

==============================================================================


      Code (inc. data)   RO Data    RW Data    ZI Data      Debug   

        48          8         20          4          0        216   Grand Totals
        48          8         20          4          0        216   ELF Image Totals
        48          8         20          4          0          0   ROM Totals

==============================================================================

    Total RO  Size (Code + RO Data)                   68 (   0.07kB)
    Total RW  Size (RW Data + ZI Data)                 4 (   0.00kB)
    Total ROM Size (Code + RO Data + RW Data)         72 (   0.07kB)

==============================================================================

