<html>
<body>
<pre>
<h1>µVision Build Log</h1>
<h2>Project:</h2>
G:\amrita_blr\Programming\ARM lab\space_search\charsearch.uvproj
Project File Date:  06/09/2020

<h2>Output:</h2>
Build target 'Target 1'
assembling charsearch.s...
linking...
Program Size: Code=44 RO-data=28 RW-data=4 ZI-data=0  
"charsearch.axf" - 0 Error(s), 0 Warning(s).
Build target 'Target 1'
assembling charsearch.s...
linking...
Program Size: Code=44 RO-data=28 RW-data=4 ZI-data=0  
"charsearch.axf" - 0 Error(s), 0 Warning(s).
Build target 'Target 1'
assembling charsearch.s...
linking...
Program Size: Code=44 RO-data=28 RW-data=4 ZI-data=0  
"charsearch.axf" - 0 Error(s), 0 Warning(s).
Build target 'Target 1'
assembling charsearch.s...
linking...
Program Size: Code=48 RO-data=28 RW-data=4 ZI-data=0  
"charsearch.axf" - 0 Error(s), 0 Warning(s).
Build target 'Target 1'
assembling charsearch.s...
linking...
Program Size: Code=48 RO-data=20 RW-data=4 ZI-data=0  
"charsearch.axf" - 0 Error(s), 0 Warning(s).
